<statistics>
  <item>
    <value>1cb9eb5e-2961-4ead-b2fd-0a61a530f0fd</value>
    <count>2</count>
  </item>
  <item>
    <value>968cd63c-de9c-4701-8ab9-a173b2f3ece6</value>
    <count>4</count>
  </item>
  <item>
    <value>a5baaba6-9e67-4849-979d-b6298850c34d</value>
    <count>4</count>
  </item>
</statistics>
